// Jest Snapshot v1, https://goo.gl/fbAQLP

exports[`<Input /> should render the input correctly 1`] = `
.c0 {
  display: -webkit-box;
  display: -webkit-flex;
  display: -ms-flexbox;
  display: flex;
  -webkit-flex-direction: column;
  -ms-flex-direction: column;
  flex-direction: column;
  gap: 0.8rem;
}

.c1 {
  font-size: 1.6rem;
}

.c2 {
  width: 100%;
  padding: 0.8rem 1.12rem;
  font-size: 1.4rem;
  border: 1px solid #777777;
  border-radius: 0.8rem;
}

.c2:focus {
  box-shadow: #B8BEF3 0px 0px 0px 1.5px;
}

.c2::-webkit-input-placeholder {
  color: #CCCCCC;
}

.c2::-moz-placeholder {
  color: #CCCCCC;
}

.c2:-ms-input-placeholder {
  color: #CCCCCC;
}

.c2::placeholder {
  color: #CCCCCC;
}

<div
  class="c0"
>
  <label
    class="c1"
    for=":r0:"
  >
    Title
  </label>
  <input
    class="c2"
    id=":r0:"
  />
</div>
`;
