// Jest Snapshot v1, https://goo.gl/fbAQLP

exports[`<Container /> should render the container correctly 1`] = `
.c0 {
  max-width: 80rem;
  margin: 0 1.6rem;
}

@media (min-width:832px) {
  .c0 {
    margin-left: auto;
    margin-right: auto;
  }
}

<div
  class="c0"
>
  <span>
    CodeLeap
  </span>
</div>
`;
